>>> BaseGeometry = __import__('7-base_geometry').BaseGeometry

>>> bg = BaseGeometry()
>>> bg.integer_validator("my_int", 12)

>>> bg.integer_validator("my_int", 89)

>>> bg.integer_validator()
Traceback (most recent call last):
    ...
TypeError: BaseGeometry.integer_validator() missing 2 required positional arguments: 'name' and 'value'
>>>

>>> bg.integer_validator("integer")
Traceback (most recent call last):
    ...
TypeError: BaseGeometry.integer_validator() missing 1 required positional argument: 'value'

>>> bg.integer_validator("integer", 5, 7)
Traceback (most recent call last):
    ...
TypeError: BaseGeometry.integer_validator() takes 3 positional arguments but 4 were given

>>> bg.integer_validator("name", "John")
Traceback (most recent call last):
    ...
TypeError: name must be an integer

>>> bg.integer_validator("bool", True)
Traceback (most recent call last):
    ...
TypeError: bool must be an integer
>>>

>>> bg.integer_validator("float", 1.3)
Traceback (most recent call last):
    ...
TypeError: float must be an integer

>>> bg.integer_validator("tuple", (1, 3, 7))
Traceback (most recent call last):
    ...
TypeError: tuple must be an integer

>>> bg.integer_validator("list", [1, 3, 7])
Traceback (most recent call last):
    ...
TypeError: list must be an integer

>>> bg.integer_validator("dict", {"key": "value"})
Traceback (most recent call last):
    ...
TypeError: dict must be an integer

>>> bg.integer_validator("age", 0)
Traceback (most recent call last):
    ...
ValueError: age must be greater than 0

>>> bg.integer_validator("distance", -4)
Traceback (most recent call last):
    ...
ValueError: distance must be greater than 0
>>>

>>> bg.integer_validator("set", {"hello", "world"})
Traceback (most recent call last):
    ...
TypeError: set must be an integer
